// Jest Snapshot v1, https://goo.gl/fbAQLP

exports[`Should render header correctly 1`] = `
<header>
  <h1>
    Expensify!
  </h1>
  <NavLink
    activeClassName="active-link"
    ariaCurrent="true"
    exact={true}
    to="/"
  >
    Dashboard
  </NavLink>
  <NavLink
    activeClassName="active-link"
    ariaCurrent="true"
    to="/create"
  >
    Add
  </NavLink>
  <NavLink
    activeClassName="active-link"
    ariaCurrent="true"
    to="/help"
  >
    Help
  </NavLink>
</header>
`;
